

Symbols from C:\Users\tom_h\AppData\Local\Temp\arduino\sketches\46DEFBD1BE5647A80E9DF524CB7F06B6/io_test.ino.elf:

Name                  Value   Class        Type         Size     Line  Section

__heap_end          |00000000|   W  |            NOTYPE|        |     |*ABS*
__TEXT_REGION_ORIGIN__|00000000|   W  |            NOTYPE|        |     |*ABS*
__tmp_reg__         |00000000|   a  |            NOTYPE|        |     |*ABS*
__vector_default    |00000000|   W  |            NOTYPE|        |     |.text	../../../../crt1/gcrt1.S:61
__vectors           |00000000|   T  |            NOTYPE|        |     |.text	../../../../crt1/gcrt1.S:61
__zero_reg__        |00000001|   a  |            NOTYPE|        |     |*ABS*
__FUSE_REGION_LENGTH__|0000000a|   A  |            NOTYPE|        |     |*ABS*
__CCP__             |00000034|   a  |            NOTYPE|        |     |*ABS*
__SP_L__            |0000003d|   a  |            NOTYPE|        |     |*ABS*
__SP_H__            |0000003e|   a  |            NOTYPE|        |     |*ABS*
__SREG__            |0000003f|   a  |            NOTYPE|        |     |*ABS*
__ctors_end         |0000007c|   T  |            NOTYPE|        |     |.text	../../../../crt1/gcrt1.S:230
__ctors_start       |0000007c|   T  |            NOTYPE|        |     |.text	../../../../crt1/gcrt1.S:230
__dtors_end         |0000007c|   T  |            NOTYPE|        |     |.text	../../../../crt1/gcrt1.S:230
__dtors_start       |0000007c|   T  |            NOTYPE|        |     |.text	../../../../crt1/gcrt1.S:230
__init              |0000007c|   W  |            NOTYPE|        |     |.text	../../../../crt1/gcrt1.S:230
__trampolines_end   |0000007c|   T  |            NOTYPE|        |     |.text	../../../../crt1/gcrt1.S:230
__trampolines_start |0000007c|   T  |            NOTYPE|        |     |.text	../../../../crt1/gcrt1.S:230
_initThreeStuff()   |00000088|   T  |              FUNC|00000018|     |.text	C:\Users\tom_h\AppData\Local\Arduino15\packages\megaTinyCore\hardware\megaavr\2.6.10\cores\megatinycore/main.cpp:149
__do_clear_bss      |000000a0|   T  |            NOTYPE|00000010|     |.text	/home/admin/Arduino/toolchain-avr-special-master/gcc-build/avr/avrxmega3/libgcc/../../../../gcc/libgcc/config/avr/lib1funcs.S:2441
.do_clear_bss_loop  |000000a8|   t  |            NOTYPE|        |     |.text	/home/admin/Arduino/toolchain-avr-special-master/gcc-build/avr/avrxmega3/libgcc/../../../../gcc/libgcc/config/avr/lib1funcs.S:2446
.do_clear_bss_start |000000aa|   t  |            NOTYPE|        |     |.text	/home/admin/Arduino/toolchain-avr-special-master/gcc-build/avr/avrxmega3/libgcc/../../../../gcc/libgcc/config/avr/lib1funcs.S:2448
__bad_interrupt     |000000b4|   T  |            NOTYPE|        |     |.text	../../../../crt1/gcrt1.S:315
__vector_1          |000000b4|   W  |            NOTYPE|        |     |.text	../../../../crt1/gcrt1.S:315
__vector_10         |000000b4|   W  |            NOTYPE|        |     |.text	../../../../crt1/gcrt1.S:315
__vector_11         |000000b4|   W  |            NOTYPE|        |     |.text	../../../../crt1/gcrt1.S:315
__vector_12         |000000b4|   W  |            NOTYPE|        |     |.text	../../../../crt1/gcrt1.S:315
__vector_13         |000000b4|   W  |            NOTYPE|        |     |.text	../../../../crt1/gcrt1.S:315
__vector_14         |000000b4|   W  |            NOTYPE|        |     |.text	../../../../crt1/gcrt1.S:315
__vector_16         |000000b4|   W  |            NOTYPE|        |     |.text	../../../../crt1/gcrt1.S:315
__vector_17         |000000b4|   W  |            NOTYPE|        |     |.text	../../../../crt1/gcrt1.S:315
__vector_18         |000000b4|   W  |            NOTYPE|        |     |.text	../../../../crt1/gcrt1.S:315
__vector_19         |000000b4|   W  |            NOTYPE|        |     |.text	../../../../crt1/gcrt1.S:315
__vector_2          |000000b4|   W  |            NOTYPE|        |     |.text	../../../../crt1/gcrt1.S:315
__vector_20         |000000b4|   W  |            NOTYPE|        |     |.text	../../../../crt1/gcrt1.S:315
__vector_21         |000000b4|   W  |            NOTYPE|        |     |.text	../../../../crt1/gcrt1.S:315
__vector_22         |000000b4|   W  |            NOTYPE|        |     |.text	../../../../crt1/gcrt1.S:315
__vector_23         |000000b4|   W  |            NOTYPE|        |     |.text	../../../../crt1/gcrt1.S:315
__vector_24         |000000b4|   W  |            NOTYPE|        |     |.text	../../../../crt1/gcrt1.S:315
__vector_25         |000000b4|   W  |            NOTYPE|        |     |.text	../../../../crt1/gcrt1.S:315
__vector_26         |000000b4|   W  |            NOTYPE|        |     |.text	../../../../crt1/gcrt1.S:315
__vector_27         |000000b4|   W  |            NOTYPE|        |     |.text	../../../../crt1/gcrt1.S:315
__vector_28         |000000b4|   W  |            NOTYPE|        |     |.text	../../../../crt1/gcrt1.S:315
__vector_29         |000000b4|   W  |            NOTYPE|        |     |.text	../../../../crt1/gcrt1.S:315
__vector_3          |000000b4|   W  |            NOTYPE|        |     |.text	../../../../crt1/gcrt1.S:315
__vector_30         |000000b4|   W  |            NOTYPE|        |     |.text	../../../../crt1/gcrt1.S:315
__vector_4          |000000b4|   W  |            NOTYPE|        |     |.text	../../../../crt1/gcrt1.S:315
__vector_5          |000000b4|   W  |            NOTYPE|        |     |.text	../../../../crt1/gcrt1.S:315
__vector_6          |000000b4|   W  |            NOTYPE|        |     |.text	../../../../crt1/gcrt1.S:315
__vector_7          |000000b4|   W  |            NOTYPE|        |     |.text	../../../../crt1/gcrt1.S:315
__vector_8          |000000b4|   W  |            NOTYPE|        |     |.text	../../../../crt1/gcrt1.S:315
__vector_9          |000000b4|   W  |            NOTYPE|        |     |.text	../../../../crt1/gcrt1.S:315
micros              |000000b6|   t  |              FUNC|00000076|     |.text	C:\Users\tom_h\AppData\Local\Arduino15\packages\megaTinyCore\hardware\megaavr\2.6.10\cores\megatinycore/wiring.c:499
__EEPROM_REGION_LENGTH__|00000100|   A  |            NOTYPE|        |     |*ABS*
delay               |0000012c|   t  |              FUNC|00000054|     |.text	C:\Users\tom_h\AppData\Local\Arduino15\packages\megaTinyCore\hardware\megaavr\2.6.10\cores\megatinycore/wiring.c:961
digitalWrite        |00000180|   t  |              FUNC|000000ae|     |.text	C:\Users\tom_h\AppData\Local\Arduino15\packages\megaTinyCore\hardware\megaavr\2.6.10\cores\megatinycore/wiring_digital.c:240
pinMode             |0000022e|   t  |              FUNC|0000003e|     |.text	C:\Users\tom_h\AppData\Local\Arduino15\packages\megaTinyCore\hardware\megaavr\2.6.10\cores\megatinycore/wiring_digital.c:41
__vector_15         |0000026c|   T  |              FUNC|0000005e|     |.text	C:\Users\tom_h\AppData\Local\Arduino15\packages\megaTinyCore\hardware\megaavr\2.6.10\cores\megatinycore/wiring.c:202
ovf_end             |00000288|   t  |            NOTYPE|        |     |.text	C:\Users\tom_h\AppData\Local\Arduino15\packages\megaTinyCore\hardware\megaavr\2.6.10\cores\megatinycore/wiring.c:317
sub4                |000002a2|   t  |            NOTYPE|        |     |.text	C:\Users\tom_h\AppData\Local\Arduino15\packages\megaTinyCore\hardware\megaavr\2.6.10\cores\megatinycore/wiring.c:317
sub_end             |000002bc|   t  |            NOTYPE|        |     |.text	C:\Users\tom_h\AppData\Local\Arduino15\packages\megaTinyCore\hardware\megaavr\2.6.10\cores\megatinycore/wiring.c:317
main                |000002ca|   T  |              FUNC|000000ee|     |.text	C:\Users\tom_h\AppData\Local\Arduino15\packages\megaTinyCore\hardware\megaavr\2.6.10\cores\megatinycore/main.cpp:49
__muluhisi3         |000003b8|   T  |            NOTYPE|00000014|     |.text	/home/admin/Arduino/toolchain-avr-special-master/gcc-build/avr/avrxmega3/libgcc/../../../../gcc/libgcc/config/avr/lib1funcs.S:626
__umulhisi3         |000003cc|   T  |            NOTYPE|0000001e|     |.text	/home/admin/Arduino/toolchain-avr-special-master/gcc-build/avr/avrxmega3/libgcc/../../../../gcc/libgcc/config/avr/lib1funcs.S:564
_exit               |000003ea|   T  |            NOTYPE|        |     |.text	/home/admin/Arduino/toolchain-avr-special-master/gcc-build/avr/avrxmega3/libgcc/../../../../gcc/libgcc/config/avr/lib1funcs.S:2278
exit                |000003ea|   W  |            NOTYPE|        |     |.text	/home/admin/Arduino/toolchain-avr-special-master/gcc-build/avr/avrxmega3/libgcc/../../../../gcc/libgcc/config/avr/lib1funcs.S:2278
__stop_program      |000003ec|   t  |            NOTYPE|        |     |.text	/home/admin/Arduino/toolchain-avr-special-master/gcc-build/avr/avrxmega3/libgcc/../../../../gcc/libgcc/config/avr/lib1funcs.S:2280
_etext              |000003ee|   T  |            NOTYPE|        |     |.text
__LOCK_REGION_LENGTH__|00000400|   A  |            NOTYPE|        |     |*ABS*
__SIGNATURE_REGION_LENGTH__|00000400|   A  |            NOTYPE|        |     |*ABS*
__USER_SIGNATURE_REGION_LENGTH__|00000400|   A  |            NOTYPE|        |     |*ABS*
__data_load_end     |0000041e|   A  |            NOTYPE|        |     |*ABS*
__data_load_start   |0000041e|   a  |            NOTYPE|        |     |*ABS*
__DATA_REGION_LENGTH__|00000800|   A  |            NOTYPE|        |     |*ABS*
__stack             |00003fff|   W  |            NOTYPE|        |     |*ABS*
__TEXT_REGION_LENGTH__|00004000|   A  |            NOTYPE|        |     |*ABS*
__RODATA_PM_OFFSET__|00008000|   A  |            NOTYPE|        |     |*ABS*
digital_pin_to_timer|000083ee|   r  |            OBJECT|0000000c|     |.rodata	C:\Users\tom_h\AppData\Local\Arduino15\packages\megaTinyCore\hardware\megaavr\2.6.10\variants\txy4/pins_arduino.h:275
digital_pin_to_bit_position|000083fa|   r  |            OBJECT|0000000c|     |.rodata	C:\Users\tom_h\AppData\Local\Arduino15\packages\megaTinyCore\hardware\megaavr\2.6.10\variants\txy4/pins_arduino.h:237
digital_pin_to_port |00008406|   r  |            OBJECT|0000000c|     |.rodata	C:\Users\tom_h\AppData\Local\Arduino15\packages\megaTinyCore\hardware\megaavr\2.6.10\variants\txy4/pins_arduino.h:218
digital_pin_to_bit_mask|00008412|   r  |            OBJECT|0000000c|     |.rodata	C:\Users\tom_h\AppData\Local\Arduino15\packages\megaTinyCore\hardware\megaavr\2.6.10\variants\txy4/pins_arduino.h:256
__bss_start         |00803800|   B  |            NOTYPE|        |     |.bss
__DATA_REGION_ORIGIN__|00803800|   A  |            NOTYPE|        |     |*ABS*
_edata              |00803800|   D  |            NOTYPE|        |     |.data
timingStruct        |00803800|   b  |            OBJECT|0000000a|     |.bss	C:\Users\tom_h\AppData\Local\Arduino15\packages\megaTinyCore\hardware\megaavr\2.6.10\cores\megatinycore/wiring.c:189
__bss_end           |0080380a|   B  |            NOTYPE|        |     |.bss
_end                |0080380a|   N  |            NOTYPE|        |     |.comment
__eeprom_end        |00810000|   N  |            NOTYPE|        |     |.comment
